Starting session. Type 'help' for a list of commands.

> b xxx
### failed to set breakpoint at method: xxx index: 0
> q
