breakpoint set: 0: main @0
main 	
entry	@Thread.exit(invokeMain([] ))
exit 	@_scheduler
exit 	@null
exit 	@_scheduler==null
exit 	@0
exit 	@fletch.halt(0)
### process terminated
