Starting session. Type 'help' for a list of commands.

> b print
breakpoint set: id: '0' method: 'print' bytecode index: '0'
> r
Stack trace:
> 0: run                      	@print('${marker} ${i}')
  1: call                     	@run('b')
> c
b 0
Stack trace:
> 0: run                      	@print('${marker} ${i}')
  1: call                     	@run('a')
> fibers

fiber 0
Stack trace:
> 0: run                      	@print('${marker} ${i}')
  1: call                     	@run('a')

fiber 1
Stack trace:
> 0: run                      	@Fiber.yield()
  1: call                     	@run('b')

fiber 2
Stack trace:

> t internal
Stack trace:
> 0: print                    	@"${object}"
  1: run                      	@print('${marker} ${i}')
  2: call                     	@run('a')
  3: runToEnd                 	@entry()
  4: Fiber.call               	@fletch.runToEnd(entry)
  5: Coroutine._coroutineStart	@entry(argument)
> fibers

fiber 0
Stack trace:
> 0: print                    	@"${object}"
  1: run                      	@print('${marker} ${i}')
  2: call                     	@run('a')
  3: runToEnd                 	@entry()
  4: Fiber.call               	@fletch.runToEnd(entry)
  5: Coroutine._coroutineStart	@entry(argument)

fiber 1
Stack trace:
> 0: Fiber.yield              	@_current._next
  1: run                      	@Fiber.yield()
  2: call                     	@run('b')
  3: runToEnd                 	@entry()
  4: Fiber.call               	@fletch.runToEnd(entry)
  5: Coroutine._coroutineStart	@entry(argument)

fiber 2
Stack trace:
> 0: Fiber._schedulerLoop     	@null
  1: call                     	
  2: Coroutine._coroutineStart	@entry(argument)

> t internal
Stack trace:
> 0: run                      	@print('${marker} ${i}')
  1: call                     	@run('a')
> c
a 0
Stack trace:
> 0: run                      	@print('${marker} ${i}')
  1: call                     	@run('b')
> c
b 1
Stack trace:
> 0: run                      	@print('${marker} ${i}')
  1: call                     	@run('a')
> fibers

fiber 0
Stack trace:
> 0: run                      	@print('${marker} ${i}')
  1: call                     	@run('a')

fiber 1
Stack trace:

> c
a 1
### process terminated
