Starting session. Type 'help' for a list of commands.

> bf a.dart 5
breakpoint set: id: '0' method: 'a' bytecode index: '2'
> r
Stack trace:
> 0: a           @=> 10;
  1: foo         @a_a.a()
  2: main        @foo()
> bf b.dart 5
Multiple matches for file pattern b.dart. Please select from the following choices:
  1: tests/debugger/find_file_test/a/b.dart
  2: tests/debugger/find_file_test/b/b.dart
  a: all of the above
  n: none of the above
> 2
breakpoint set: id: '1' method: 'b' bytecode index: '2'
> c
Stack trace:
> 0: b           @=> 30;
  1: foo         @b_b.b()
  2: main        @foo()
> c
### process terminated
