Starting session. Type 'help' for a list of commands.

> b main
breakpoint set: id: '0' method: 'main' bytecode index: '0'
> b breakHere
breakpoint set: id: '1' method: 'breakHere' bytecode index: '0'
> lb
Breakpoints:
id: '0' method: 'main' bytecode index: '0'
id: '1' method: 'breakHere' bytecode index: '0'
> q
