Starting session. Type 'help' for a list of commands.

> q
