main    @1
main    @2
main    @3
main    @add(1, 2, 3)
add @a
add @b
add @a + b
add @c
add @a + b + c
add @=> a + b + c;
main    @add(1, 2, 3)
### process terminated
