Starting session. Type 'help' for a list of commands.

> b
breakpoint set: id: '0' method: 'main' bytecode index: '0'
> r
Stack trace:
> 0: main    	@foo()
> so
Stack trace:
> 0: main    	@foo()
> so
Stack trace:
> 0: main    	@new A()
> so
Stack trace:
> 0: main    	@a
> s
Stack trace:
> 0: main    	@a.x
> so
Stack trace:
> 0: main    	@a
> s
Stack trace:
> 0: main    	@a.y()
> so
Stack trace:
> 0: main    	@a
> b y
breakpoint set: id: '6' method: 'y' bytecode index: '0'
> s
Stack trace:
> 0: main    	@a.y()
> so
### 'step over' cancelled because another breakpoint was hit
Stack trace:
> 0: A.y     	@_y
  1: main    	@a.y()
> finish
Stack trace:
> 0: main    	@1
> q
