main    @32
main    @x
main    @42
main    @y
main    @foo(y)
foo @x
foo @=>x;
main    @foo(y)
### process terminated
