Starting session. Type 'help' for a list of commands.

> r
Uncaught exception: 42
Stack trace:
> 0: foo         @42
  1: main        @foo()
> restart
Uncaught exception: 'foobar'
Stack trace:
> 0: foo         @'foobar'
  1: main        @foo()
> restart
Uncaught exception: Instance of '_Exception' {
  _Exception.message: 'foobar'
}
Stack trace:
> 0: foo         @new Exception('foobar')
  1: main        @foo()
> restart
Uncaught exception: Instance of 'CustomException' {
  CustomException.message: 'foobar'
  CustomException.code: 42
}
Stack trace:
> 0: foo         @new CustomException('foobar', 42)
  1: main        @foo()
> restart
foo
Uncaught exception: NoSuchMethodError: Class 'MyObject' has no method named 'bar' that takes 0 arguments
Stack trace:
> 0: foo                             @object.bar()
  1: main                            @foo()
> Non-zero exit code from 'fletch-vm' (255).
